start.ts:50 [每日积分] start: 收到消息 {type: 'START_DAILY_POINTS', data: {…}}
start.ts:55 [每日积分] start: 转发START_DAILY_POINTS消息到页面 {knowledgeLink: '', learningLimit: 100, contributionLimit: 300, interactionLimit: 100}
dailyPointsPanel.ts:323 [每日积分] panel: 收到页面消息1 {type: 'START_DAILY_POINTS', data: {…}}
dailyPointsPanel.ts:325 [每日积分] panel: 处理START_DAILY_POINTS {knowledgeLink: '', learningLimit: 100, contributionLimit: 300, interactionLimit: 100}
dailyPointsPanel.ts:349 [每日积分] panel: start方法被调用 {knowledgeLink: '', learningLimit: 100, contributionLimit: 300, interactionLimit: 100} isRunning: false
dailyPointsPanel.ts:360 [每日积分] panel: 创建进度悬浮窗
dailyPointsPanel.ts:323 [每日积分] panel: 收到页面消息1 {type: 'CONFIRM_START_TASK', data: {…}}
log.ts:179 [debug 17:1:27 ] 用户确认开始任务，开始执行
log.ts:179 [debug 17:1:27 ] 从localStorage获取sid: 60E9574456944EBF95478A7451DEC713
log.ts:179 [debug 17:1:27 ] 获取积分详情: 2026-03-13 ~ 2026-03-31
log.ts:179 [debug 17:1:27 ] 发送API请求: POST https://zsgl.lzlj.com/learn/app/clientapi/personal/statistics/queryUserPointPercent.do?os=99&sid=60E9574456944EBF95478A7451DEC713
log.ts:179 [debug 17:1:28 ] API响应成功: {body: Array(3), code: '0', file: null, message: '成功', user: null}
log.ts:179 [debug 17:1:28 ] 积分项: 学习课程 (24E2D4D119E74B76AC349FA12A0B646C) = 98
log.ts:179 [debug 17:1:28 ] 更新学习积分（学习课程）: +98，当前: 98
log.ts:179 [debug 17:1:28 ] 积分项: 知识阅读 (knowledge_reading_point) = 2
log.ts:179 [debug 17:1:28 ] 积分项: 知识被阅读 (knowledge_read_point) = 0
log.ts:179 [debug 17:1:28 ] 更新贡献积分: 0
log.ts:179 [debug 17:1:28 ] 开始执行任务：course
log.ts:179 [debug 17:1:28 ] 开始普通课程任务
log.ts:179 [debug 17:1:28 ] 跳转到课程列表页面
dailyPointsPanel.ts:323 [每日积分] panel: 收到页面消息1 {type: 'POINTS_UPDATED', data: {…}}
dailyPointsPanel.ts:337 [每日积分] panel: 处理POINTS_UPDATED {learning: {…}, contribution: {…}, interaction: {…}}
start.ts:85 Hash changed: #/home/course
main.2faaeed8.js:1 showSearch true
main.2faaeed8.js:1 showSearch true
main.2faaeed8.js:1 showSearch true
log.ts:179 [debug 17:1:28 ] 拦截到HTTP请求: /learn/app/clientapi/course/aiHomeCourseClassify.do?homeId=-1&onlyTopLevel=false&sid=60E9574456944EBF95478A7451DEC713&os=99
main.2faaeed8.js:1 showSearch true
main.2faaeed8.js:1 showSearch true
main.2faaeed8.js:1 showSearch true
log.ts:179 [debug 17:1:28 ] 拦截到HTTP请求: /learn/app/clientapi/course/courselist.do?curPage=1&lv=&numPerPage=30&sortType=2&ver=3.8.2&sid=60E9574456944EBF95478A7451DEC713&os=99
log.ts:179 [debug 17:1:28 ] 匹配到钩子: courselist.do
log.ts:179 [debug 17:1:29 ] 拦截到课程列表请求 {body: {…}, code: '0', message: '操作成功', totalPage: '214'}
log.ts:179 [debug 17:1:29 ] 记录请求参数: curPage=1, numPerPage=30, sortType=2
main.2faaeed8.js:1 showSearch true
