18:54:18.221 已导航到https://zsgl.lzlj.com/znWeb/znPortal/
18:54:18.374 dailyPointsPanel.ts:16 [每日积分] panel: 构造函数被调用
18:54:18.375 dailyPointsPanel.ts:20 [每日积分] panel: init方法被调用
18:54:18.375 log.ts:179 [debug 18:54:18 ] Start document state: loading
18:54:18.375 mooc.ts:8 create mooc
18:54:18.375 mooc.ts:39 mooc start null
18:54:18.554 webim.min.js:1 navigator.userAgent=mozilla/5.0 (windows nt 10.0; win64; x64) applewebkit/537.36 (khtml, like gecko) chrome/145.0.0.0 safari/537.36 edg/145.0.0.0
18:54:18.554 webim.min.js:1 BROWSER_INFO: type=chrome, ver=145.0.0.0
18:54:19.429 main.2faaeed8.js:1 0530-1
18:54:19.442 main.2faaeed8.js:1 showSearch false
18:54:19.483 main.2faaeed8.js:1 showSearch false
18:54:19.689 dailyPointsPanel.ts:22 [每日积分] panel: window.onload 触发
18:54:19.690 dailyPointsPanel.ts:318 [每日积分] panel: 初始化消息监听
18:54:19.691 log.ts:179 [debug 18:54:19 ] 每日积分模式初始化完成 {learning: {…}, contribution: {…}, interaction: {…}, lastUpdate: 1773397116031, isRunning: true}
18:54:19.699 main.2faaeed8.js:1 --------------- Fri Mar 13 2026 18:54:19 GMT+0800 (中国标准时间)
18:54:19.937 main.2faaeed8.js:1 showSearch false
18:54:19.942 main.2faaeed8.js:1 com.mlearning.paznluzhoulaojiao appId-------
18:54:20.011 main.2faaeed8.js:1 showSearch false
18:54:20.165 main.2faaeed8.js:1 showSearch false
18:54:20.633 main.2faaeed8.js:1 showSearch false
18:54:22.767 main.2faaeed8.js:1 showSearch false
18:54:22.778 main.2faaeed8.js:1 showSearch false
18:54:22.787 main.2faaeed8.js:1 showSearch false
18:54:22.800 main.2faaeed8.js:1 showSearch false
18:54:22.807 main.2faaeed8.js:1 showSearch false
18:54:22.815 main.2faaeed8.js:1 showSearch false
18:54:22.829 main.2faaeed8.js:1 showSearch false
18:54:22.842 main.2faaeed8.js:1 showSearch false
18:54:22.852 main.2faaeed8.js:1 showSearch false
18:54:22.872 main.2faaeed8.js:1 showSearch false
18:54:22.880 main.2faaeed8.js:1 showSearch false
18:54:22.886 main.2faaeed8.js:1 showSearch false
18:54:22.901 main.2faaeed8.js:1 showSearch false
18:54:22.907 main.2faaeed8.js:1 showSearch false
18:54:22.913 main.2faaeed8.js:1 showSearch false
18:54:35.482 start.ts:50 [每日积分] start: 收到消息 {type: 'START_DAILY_POINTS', data: {…}}
18:54:35.483 start.ts:55 [每日积分] start: 转发START_DAILY_POINTS消息到页面 {knowledgeLink: '', learningLimit: 100, contributionLimit: 300, interactionLimit: 100}
18:54:35.484 dailyPointsPanel.ts:323 [每日积分] panel: 收到页面消息1 {type: 'START_DAILY_POINTS', data: {…}}
18:54:35.484 dailyPointsPanel.ts:325 [每日积分] panel: 处理START_DAILY_POINTS {knowledgeLink: '', learningLimit: 100, contributionLimit: 300, interactionLimit: 100}
18:54:35.484 dailyPointsPanel.ts:349 [每日积分] panel: start方法被调用 {knowledgeLink: '', learningLimit: 100, contributionLimit: 300, interactionLimit: 100} isRunning: false
18:54:37.061 start.ts:50 [每日积分] start: 收到消息 {type: 'START_DAILY_POINTS', data: {…}}
18:54:37.061 start.ts:55 [每日积分] start: 转发START_DAILY_POINTS消息到页面 {knowledgeLink: '', learningLimit: 100, contributionLimit: 300, interactionLimit: 100}
18:54:37.062 dailyPointsPanel.ts:323 [每日积分] panel: 收到页面消息1 {type: 'START_DAILY_POINTS', data: {…}}
18:54:37.063 dailyPointsPanel.ts:325 [每日积分] panel: 处理START_DAILY_POINTS {knowledgeLink: '', learningLimit: 100, contributionLimit: 300, interactionLimit: 100}
18:54:37.063 dailyPointsPanel.ts:349 [每日积分] panel: start方法被调用 {knowledgeLink: '', learningLimit: 100, contributionLimit: 300, interactionLimit: 100} isRunning: false
18:54:41.156 dailyPointsPanel.ts:360 [每日积分] panel: 创建进度悬浮窗
18:54:41.163 dailyPointsPanel.ts:323 [每日积分] panel: 收到页面消息1 {type: 'CONFIRM_START_TASK', data: {…}}
18:54:41.164 log.ts:179 [debug 18:54:41 ] 用户确认开始任务，开始执行
18:54:41.165 log.ts:179 [debug 18:54:41 ] 从localStorage获取sid: B371A136CDEC49259820E092C24ECAEF
18:54:41.165 log.ts:179 [debug 18:54:41 ] 获取积分详情: 2026-03-13 ~ 2026-03-31
18:54:41.166 log.ts:179 [debug 18:54:41 ] 发送API请求: POST https://zsgl.lzlj.com/learn/app/clientapi/personal/statistics/queryUserPointPercent.do?os=99&sid=B371A136CDEC49259820E092C24ECAEF
18:54:41.438 log.ts:179 [debug 18:54:41 ] API响应成功: {body: Array(3), code: '0', file: null, message: '成功', user: null}
18:54:41.439 log.ts:179 [debug 18:54:41 ] 积分项: 学习课程 (24E2D4D119E74B76AC349FA12A0B646C) = 98
18:54:41.440 log.ts:179 [debug 18:54:41 ] 更新学习积分（学习课程）: +98，当前: 98
18:54:41.440 log.ts:179 [debug 18:54:41 ] 积分项: 知识阅读 (knowledge_reading_point) = 2
18:54:41.440 log.ts:179 [debug 18:54:41 ] 积分项: 知识被阅读 (knowledge_read_point) = 0
18:54:41.440 log.ts:179 [debug 18:54:41 ] 更新贡献积分: 0
18:54:41.440 log.ts:179 [debug 18:54:41 ] 开始执行任务：course
18:54:41.440 log.ts:179 [debug 18:54:41 ] 开始普通课程任务
18:54:41.441 log.ts:179 [debug 18:54:41 ] 主动请求课程列表: curPage=1
18:54:41.441 log.ts:179 [debug 18:54:41 ] 发送API请求: GET https://zsgl.lzlj.com/learn/app/clientapi/course/courselist.do?curPage=1&numPerPage=30&sortType=2&ver=3.8.2&sid=B371A136CDEC49259820E092C24ECAEF&os=99
18:54:41.444 dailyPointsPanel.ts:323 [每日积分] panel: 收到页面消息1 {type: 'POINTS_UPDATED', data: {…}}
18:54:41.444 dailyPointsPanel.ts:337 [每日积分] panel: 处理POINTS_UPDATED {learning: {…}, contribution: {…}, interaction: {…}}
18:54:41.772 log.ts:179 [debug 18:54:41 ] API响应成功: {body: {…}, code: '0', message: '操作成功', totalPage: '214'}
18:54:41.772 log.ts:179 [debug 18:54:41 ] fetchCourseListWithPage 成功, result.data: {body: {…}, code: '0', message: '操作成功', totalPage: '214'}
18:54:41.772 log.ts:179 [debug 18:54:41 ] 课程列表响应: {body: {…}, code: '0', message: '操作成功', totalPage: '214'}
