02:00:45.063 start.ts:50 [每日积分] start: 收到消息 {type: 'START_DAILY_POINTS', data: {…}}
02:00:45.064 start.ts:55 [每日积分] start: 转发START_DAILY_POINTS消息到页面 {knowledgeLink: '', learningLimit: 100, contributionLimit: 300, interactionLimit: 100}
02:00:45.065 dailyPointsPanel.ts:323 [每日积分] panel: 收到页面消息1 {type: 'START_DAILY_POINTS', data: {…}}
02:00:45.065 dailyPointsPanel.ts:325 [每日积分] panel: 处理START_DAILY_POINTS {knowledgeLink: '', learningLimit: 100, contributionLimit: 300, interactionLimit: 100}
02:00:45.065 dailyPointsPanel.ts:349 [每日积分] panel: start方法被调用 {knowledgeLink: '', learningLimit: 100, contributionLimit: 300, interactionLimit: 100} isRunning: false
02:00:46.519 dailyPointsPanel.ts:360 [每日积分] panel: 创建进度悬浮窗
02:00:46.522 dailyPointsPanel.ts:323 [每日积分] panel: 收到页面消息1 {type: 'CONFIRM_START_TASK', data: {…}}
02:00:46.523 log.ts:179 [debug 2:0:46 ] 用户确认开始任务，开始执行
02:00:46.523 log.ts:179 [debug 2:0:46 ] 从localStorage获取sid: EEE903E776EB4825BE27D2FF7E1E6A95
02:00:46.523 log.ts:179 [debug 2:0:46 ] 获取积分详情: 2026-03-14 ~ 2026-03-31
02:00:46.524 log.ts:179 [debug 2:0:46 ] 发送API请求: POST https://zsgl.lzlj.com/learn/app/clientapi/personal/statistics/queryUserPointPercent.do?os=99&sid=EEE903E776EB4825BE27D2FF7E1E6A95
02:00:46.660 log.ts:179 [debug 2:0:46 ] API响应成功: {body: Array(0), code: '0', file: null, message: '成功', user: null}
02:00:46.661 log.ts:179 [debug 2:0:46 ] 开始执行任务：course
02:00:46.662 log.ts:179 [debug 2:0:46 ] 开始普通课程任务
02:00:46.663 log.ts:179 [debug 2:0:46 ] 主动请求课程列表: curPage=1
02:00:46.663 log.ts:179 [debug 2:0:46 ] 发送API请求: GET https://zsgl.lzlj.com/learn/app/clientapi/course/courselist.do?curPage=1&numPerPage=30&sortType=2&ver=3.8.2&sid=EEE903E776EB4825BE27D2FF7E1E6A95&os=99
02:00:46.667 dailyPointsPanel.ts:323 [每日积分] panel: 收到页面消息1 {type: 'POINTS_UPDATED', data: {…}}
02:00:46.667 dailyPointsPanel.ts:337 [每日积分] panel: 处理POINTS_UPDATED {learning: {…}, contribution: {…}, interaction: {…}}
02:00:46.938 log.ts:179 [debug 2:0:46 ] API响应成功: {body: {…}, code: '0', message: '操作成功', totalPage: '214'}
02:00:46.938 log.ts:179 [debug 2:0:46 ] fetchCourseListWithPage 成功, result.data: {body: {…}, code: '0', message: '操作成功', totalPage: '214'}
02:00:46.938 log.ts:179 [debug 2:0:46 ] 课程列表响应: {body: {…}, code: '0', message: '操作成功', totalPage: '214'}
02:00:46.939 log.ts:179 [debug 2:0:46 ] response.body: {courseArr: Array(30), courseNum: '30'}
02:00:46.939 log.ts:179 [debug 2:0:46 ] response.body.courseArr: (30) [{…}, {…}, {…}, {…}, {…}, {…}, {…}, {…}, {…}, {…}, {…}, {…}, {…}, {…}, {…}, {…}, {…}, {…}, {…}, {…}, {…}, {…}, {…}, {…}, {…}, {…}, {…}, {…}, {…}, {…}]
02:00:46.940 log.ts:179 [debug 2:0:46 ] response.body.courseArr length: 30
